// Vitest Snapshot v1, https://vitest.dev/guide/snapshot.html

exports[`Popover > matches snapshot when open 1`] = `
<div
  class="relative inline-block"
>
  <button
    aria-controls="_r_o_"
    aria-expanded="true"
    aria-haspopup="true"
  >
    Open
  </button>
  <div
    class="z-50 bg-surface border border-base rounded-lg shadow-md transition-all duration-200 ease-out focus:outline-none p-md min-w-[14rem] absolute top-full left-0"
    id="_r_o_"
    role="dialog"
    style="margin-top: 8px;"
    tabindex="-1"
  >
    <p>
      Panel content
    </p>
  </div>
</div>
`;
