// Vitest Snapshot v1, https://vitest.dev/guide/snapshot.html

exports[`DropTarget > matches snapshot in idle state 1`] = `
<div
  class="relative rounded h-full"
  data-droppable-id="snap-zone"
>
  <div>
    <span
      data-testid="status"
    >
      idle
    </span>
    <span
      data-testid="content"
    >
      Drop zone
    </span>
  </div>
</div>
`;
